Error: connect ENETUNREACH 104.22.70.209:443 - Local (0.0.0.0:0)Error: connect ENETUNREACH 104.22.70.209:443 - Local (0.0.0.0:0)Error: connect ENETUNREACH 104.22.70.209:443 - Local (0.0.0.0:0)